2341(s)
2341(s)
2341(s)
2341(s)
2341(s)
2341(s)
2341(s)
2341(s)
2341(s)
2341(s)
2341(s)
2341(s)
2341(s)
2341(s)
2341(s)
2341(s)
2341(s)
2341(s)
2341(s)
2341(s)
2341(s)
2341(s)
2341(s)
2341(s)
2341(s)
2341(s)
2341(s)
2341(s)
2341(s)
2341(s)
2341(s)
2341(s)
2341(s)
2341(s)
2341(s)
2341(s)
2341(s)
2341(s)
2341(s)
2341(s)
2341(s)
2341(s)
2341(s)
2341(s)
2341(s)
2341(s)
2341(s)
2341(s)
2341(s)
2341(s)
2341(s)
2341(s)
2341(s)
2341(s)
2341(s)
2341(s)
2341(s)
2341(s)
2341(s)
2341(s)
2341(s)
2341(s)
2341(s)
2341(s)
2341(s)
2341(s)
2341(s)
2341(s)
2341(s)
2341(s)
2341(s)
2341(s)
2341(s)
2341(s)
2341(s)
2341(s)
2341(s)
2341(s)
2341(s)
